iter: 1, RMSE E = 94.09391513995645, RMSE F = 0.016872738068308114, total = 94.11078787802477
iter: 2, RMSE E = 71.1559990240213, RMSE F = 0.514894428128735, total = 71.67089345215004
iter: 3, RMSE E = 53.04480292384572, RMSE F = 0.21674374604360902, total = 53.261546669889334
iter: 4, RMSE E = 37.02424465635718, RMSE F = 0.19831242509363375, total = 37.222557081450816
iter: 5, RMSE E = 23.904088874518557, RMSE F = 0.22969293071089078, total = 24.133781805229447
iter: 6, RMSE E = 13.823321702765496, RMSE F = 0.6335549153710681, total = 14.456876618136564
iter: 7, RMSE E = 6.222658288173302, RMSE F = 0.7301938502237196, total = 6.952852138397022
iter: 8, RMSE E = 1.865076342331953, RMSE F = 0.008267790302697057, total = 1.87334413263465
iter: 9, RMSE E = 0.07867600881432767, RMSE F = 0.5895751871276016, total = 0.6682511959419293
iter: 10, RMSE E = 0.5859910366609564, RMSE F = 1.099074089819595, total = 1.6850651264805514
iter: 11, RMSE E = 2.4714233269083463, RMSE F = 0.19394373537280438, total = 2.6653670622811507
iter: 12, RMSE E = 4.9602636844955335, RMSE F = 0.517845524860709, total = 5.4781092093562425
iter: 13, RMSE E = 7.421950588570327, RMSE F = 0.6557393826320205, total = 8.077689971202348
iter: 14, RMSE E = 8.720853105492871, RMSE F = 0.014119803346861767, total = 8.734972908839733
iter: 15, RMSE E = 8.981598197429728, RMSE F = 0.7602133395557408, total = 9.741811536985468
iter: 16, RMSE E = 8.584447841500813, RMSE F = 0.07070735802969887, total = 8.655155199530512
iter: 17, RMSE E = 7.346973970439605, RMSE F = 0.2847106051150131, total = 7.631684575554618
iter: 18, RMSE E = 5.577852556579004, RMSE F = 0.20475669531086135, total = 5.782609251889865
iter: 19, RMSE E = 3.865008160079663, RMSE F = 0.2825851280823794, total = 4.147593288162042
iter: 20, RMSE E = 2.4076732365569113, RMSE F = 0.08722275441771875, total = 2.49489599097463
iter: 21, RMSE E = 1.2176892361764604, RMSE F = 0.18123213857031129, total = 1.3989213747467717
iter: 22, RMSE E = 0.4114993554692878, RMSE F = 0.04555796241457278, total = 0.45705731788386056
iter: 23, RMSE E = 0.04447728934374811, RMSE F = 0.19643764442146017, total = 0.24091493376520828
iter: 24, RMSE E = 0.027528143108072105, RMSE F = 0.008092814590374081, total = 0.035620957698446185
iter: 25, RMSE E = 0.24619287316140426, RMSE F = 0.15429068890307704, total = 0.4004835620644813
iter: 26, RMSE E = 0.6157012568623877, RMSE F = 0.05155502587501976, total = 0.6672562827374076
iter: 27, RMSE E = 1.0378650900944864, RMSE F = 0.044585702546438545, total = 1.0824507926409248
iter: 28, RMSE E = 1.3991879067779573, RMSE F = 0.07815442553862868, total = 1.477342332316586
iter: 29, RMSE E = 1.6290914513625891, RMSE F = 0.00939464242606382, total = 1.638486093788653
iter: 30, RMSE E = 1.7208393870860623, RMSE F = 0.09722231963276672, total = 1.818061706718829
iter: 31, RMSE E = 1.6931208517852656, RMSE F = 0.049327024652987196, total = 1.7424478764382527
iter: 32, RMSE E = 1.5527957040376208, RMSE F = 0.017113019478762762, total = 1.5699087235163836
iter: 33, RMSE E = 1.3072510137105335, RMSE F = 0.05244221205788547, total = 1.3596932257684191
iter: 34, RMSE E = 0.9944606684465669, RMSE F = 0.008190879531776456, total = 1.0026515479783433
iter: 35, RMSE E = 0.6764711474745986, RMSE F = 0.05427478682511098, total = 0.7307459342997096
iter: 36, RMSE E = 0.40366346504189854, RMSE F = 0.03626326444225815, total = 0.4399267294841567
iter: 37, RMSE E = 0.19603395855662237, RMSE F = 0.014667450424991112, total = 0.2107014089816135
iter: 38, RMSE E = 0.05995021213110263, RMSE F = 0.04196969663701961, total = 0.10191990876812224
iter: 39, RMSE E = 0.00221196240146587, RMSE F = 0.00809401193972665, total = 0.010305974341192521
iter: 40, RMSE E = 0.018537332059018648, RMSE F = 0.0357589712726891, total = 0.05429630333170775
iter: 41, RMSE E = 0.08479068382590227, RMSE F = 0.014093295547391619, total = 0.09888397937329389
iter: 42, RMSE E = 0.17315705429628622, RMSE F = 0.025043520701217774, total = 0.198200574997504
iter: 43, RMSE E = 0.26502137695301087, RMSE F = 0.026863343752803314, total = 0.29188472070581417
iter: 44, RMSE E = 0.34194196795981974, RMSE F = 0.010431982927163436, total = 0.3523739508869832
iter: 45, RMSE E = 0.38188284965776437, RMSE F = 0.022541180877139938, total = 0.4044240305349043
iter: 46, RMSE E = 0.37592869420952074, RMSE F = 0.008720431144538382, total = 0.38464912535405915
iter: 47, RMSE E = 0.33554130567610524, RMSE F = 0.027834410848070475, total = 0.3633757165241757
iter: 48, RMSE E = 0.2754160854958724, RMSE F = 0.009823996338235191, total = 0.28524008183410754
iter: 49, RMSE E = 0.20304056483079413, RMSE F = 0.016763316825118887, total = 0.21980388165591302
iter: 50, RMSE E = 0.12745275330168557, RMSE F = 0.01062106254029061, total = 0.13807381584197617
iter: 51, RMSE E = 0.0635768783043848, RMSE F = 0.01456368396107196, total = 0.07814056226545676
iter: 52, RMSE E = 0.021711957918249532, RMSE F = 0.014613413658723281, total = 0.03632537157697281
iter: 53, RMSE E = 0.0022971347485052813, RMSE F = 0.009656839476795574, total = 0.011953974225300855
iter: 54, RMSE E = 0.0021292154287514166, RMSE F = 0.015176346181242117, total = 0.017305561609993532
iter: 55, RMSE E = 0.017465349737149933, RMSE F = 0.00800548816375785, total = 0.025470837900907782
iter: 56, RMSE E = 0.04118610034603979, RMSE F = 0.013417663422246545, total = 0.05460376376828634
iter: 57, RMSE E = 0.06439160781724344, RMSE F = 0.008039999831153426, total = 0.07243160764839687
iter: 58, RMSE E = 0.0818774536673062, RMSE F = 0.013284110351176215, total = 0.09516156401848241
iter: 59, RMSE E = 0.09191099748788377, RMSE F = 0.009779827663086871, total = 0.10169082515097064
iter: 60, RMSE E = 0.09248621023999713, RMSE F = 0.009655039785057074, total = 0.10214125002505421
iter: 61, RMSE E = 0.08241925575276843, RMSE F = 0.009509015680925352, total = 0.09192827143369378
iter: 62, RMSE E = 0.06480805774115005, RMSE F = 0.00933557552585518, total = 0.07414363326700522
iter: 63, RMSE E = 0.04520097200100204, RMSE F = 0.01107172373517862, total = 0.056272695736180656
iter: 64, RMSE E = 0.02721609950634188, RMSE F = 0.008069178743414963, total = 0.03528527824975684
iter: 65, RMSE E = 0.01255678597747907, RMSE F = 0.010156027059180218, total = 0.02271281303665929
iter: 66, RMSE E = 0.00311369176620022, RMSE F = 0.007959116316771047, total = 0.011072808082971267
iter: 67, RMSE E = 3.153969221736036e-06, RMSE F = 0.010068635958258982, total = 0.010071789927480718
iter: 68, RMSE E = 0.002071535987043215, RMSE F = 0.00794123041862487, total = 0.010012766405668085
iter: 69, RMSE E = 0.007334043277665585, RMSE F = 0.00982028045494455, total = 0.017154323732610135
iter: 70, RMSE E = 0.014126194432343453, RMSE F = 0.008079826974162601, total = 0.022206021406506054
iter: 71, RMSE E = 0.02030046248821927, RMSE F = 0.009019703939964274, total = 0.029320166428183542
iter: 72, RMSE E = 0.023716413783581546, RMSE F = 0.00799643664672621, total = 0.031712850430307755
iter: 73, RMSE E = 0.02397680158789308, RMSE F = 0.009211817601418879, total = 0.03318861918931196
iter: 74, RMSE E = 0.021845656980190933, RMSE F = 0.008208134189003737, total = 0.03005379116919467
iter: 75, RMSE E = 0.017733635398456314, RMSE F = 0.008544661064579807, total = 0.026278296463036123
iter: 76, RMSE E = 0.012247224273134582, RMSE F = 0.008034131836179096, total = 0.020281356109313677
iter: 77, RMSE E = 0.0068905805892191885, RMSE F = 0.008643039529358977, total = 0.015533620118578166
iter: 78, RMSE E = 0.0029185378441174284, RMSE F = 0.008119231701938767, total = 0.011037769546056196
iter: 79, RMSE E = 0.0006279091732392971, RMSE F = 0.008375246440374033, total = 0.00900315561361333
iter: 80, RMSE E = 1.3733884469372891e-05, RMSE F = 0.008059902483798153, total = 0.008073636368267526
iter: 81, RMSE E = 0.0009024698496435038, RMSE F = 0.008271151958003249, total = 0.009173621807646753
iter: 82, RMSE E = 0.0026149196923618344, RMSE F = 0.008001554910427498, total = 0.010616474602789333
iter: 83, RMSE E = 0.004427886454281959, RMSE F = 0.008285126732830335, total = 0.012713013187112293
iter: 84, RMSE E = 0.0059495393745330714, RMSE F = 0.008037849359977959, total = 0.01398738873451103
iter: 85, RMSE E = 0.006774793287138468, RMSE F = 0.008105927289884428, total = 0.014880720577022895
iter: 86, RMSE E = 0.006564261906249184, RMSE F = 0.007936945479956433, total = 0.014501207386205618
iter: 87, RMSE E = 0.005519305969380983, RMSE F = 0.008186010200567273, total = 0.013705316169948255
iter: 88, RMSE E = 0.004113424971375986, RMSE F = 0.007962071839563526, total = 0.012075496810939512
iter: 89, RMSE E = 0.0026121779049556467, RMSE F = 0.008061647658432513, total = 0.01067382556338816
iter: 90, RMSE E = 0.0012470934329527003, RMSE F = 0.007906329927840608, total = 0.00915342336079331
iter: 91, RMSE E = 0.0003408705779023115, RMSE F = 0.00808184261518499, total = 0.008422713193087301
iter: 92, RMSE E = 6.978619858341671e-06, RMSE F = 0.007896289756099902, total = 0.007903268375958243
iter: 93, RMSE E = 0.00013796907511151065, RMSE F = 0.008051111653515899, total = 0.00818908072862741
iter: 94, RMSE E = 0.0006038870502848516, RMSE F = 0.007886579299099155, total = 0.008490466349384006
iter: 95, RMSE E = 0.00119595506856162, RMSE F = 0.007997074303911843, total = 0.009193029372473464
iter: 96, RMSE E = 0.001659553969887298, RMSE F = 0.007885212049692664, total = 0.009544766019579962
iter: 97, RMSE E = 0.0018999591210224994, RMSE F = 0.008007618488953974, total = 0.009907577609976473
iter: 98, RMSE E = 0.0019091994813785042, RMSE F = 0.007880890242384989, total = 0.009790089723763492
iter: 99, RMSE E = 0.001651687000126142, RMSE F = 0.007935003504283908, total = 0.00958669050441005
iter: 100, RMSE E = 0.0011995324348232262, RMSE F = 0.007901919453144649, total = 0.009101451887967875
iter: 101, RMSE E = 0.0007300374952512442, RMSE F = 0.007928377817724873, total = 0.008658415312976116
iter: 102, RMSE E = 0.00034565583176791994, RMSE F = 0.007896407636449353, total = 0.008242063468217273
iter: 103, RMSE E = 8.800633727476825e-05, RMSE F = 0.007888914470477305, total = 0.007976920807752074
iter: 104, RMSE E = 1.0579956232067072e-07, RMSE F = 0.007905262923691812, total = 0.007905368723254133
iter: 105, RMSE E = 6.26605435177045e-05, RMSE F = 0.007869961870903374, total = 0.007932622414421078
iter: 106, RMSE E = 0.00020987980511630511, RMSE F = 0.007907571602666317, total = 0.008117451407782621
iter: 107, RMSE E = 0.0003892774461759572, RMSE F = 0.007860848156390755, total = 0.008250125602566712
iter: 108, RMSE E = 0.0005332890802453065, RMSE F = 0.007887349499449718, total = 0.008420638579695024
iter: 109, RMSE E = 0.0005835711421708525, RMSE F = 0.007858802082381445, total = 0.008442373224552298
iter: 110, RMSE E = 0.0005490320489536301, RMSE F = 0.007885923427288267, total = 0.008434955476241898
iter: 111, RMSE E = 0.0004552800763285622, RMSE F = 0.007856820685775876, total = 0.008312100762104438
iter: 112, RMSE E = 0.0003147792420815109, RMSE F = 0.00786119662388079, total = 0.0081759758659623
iter: 113, RMSE E = 0.00016875798465495388, RMSE F = 0.007864827840211745, total = 0.008033585824866699
iter: 114, RMSE E = 6.293917095163006e-05, RMSE F = 0.007852103564838543, total = 0.007915042735790172
iter: 115, RMSE E = 8.353017255894624e-06, RMSE F = 0.007861528558002753, total = 0.007869881575258647
iter: 116, RMSE E = 4.615908456054403e-06, RMSE F = 0.00784380118177888, total = 0.007848417090234934
iter: 117, RMSE E = 4.2449475463709e-05, RMSE F = 0.007855376471632739, total = 0.007897825947096447
iter: 118, RMSE E = 9.554310877909748e-05, RMSE F = 0.007842373541191784, total = 0.00793791664997088
iter: 119, RMSE E = 0.00014519246525518476, RMSE F = 0.007848956504046817, total = 0.007994148969302001
iter: 120, RMSE E = 0.00017826781036290123, RMSE F = 0.007840745949243295, total = 0.008019013759606196
iter: 121, RMSE E = 0.00017898516373463763, RMSE F = 0.007836528574361014, total = 0.008015513738095652
iter: 122, RMSE E = 0.00015091008419804958, RMSE F = 0.007842894178433958, total = 0.007993804262632008
iter: 123, RMSE E = 0.0001104140115338075, RMSE F = 0.007831221837393392, total = 0.0079416358489272
iter: 124, RMSE E = 6.561122006838506e-05, RMSE F = 0.00783525550122635, total = 0.007900866721294735
iter: 125, RMSE E = 2.6479350162989982e-05, RMSE F = 0.007828631164050815, total = 0.007855110514213805
iter: 126, RMSE E = 4.5960971601006925e-06, RMSE F = 0.00782907422016753, total = 0.00783367031732763
iter: 127, RMSE E = 5.237737555289434e-07, RMSE F = 0.007827029749407731, total = 0.00782755352316326
iter: 128, RMSE E = 1.054289976296663e-05, RMSE F = 0.007822137418824654, total = 0.00783268031858762
iter: 129, RMSE E = 2.868906515209282e-05, RMSE F = 0.007823447376371967, total = 0.00785213644152406
iter: 130, RMSE E = 4.5180803300444634e-05, RMSE F = 0.007817953356771875, total = 0.007863134160072319
iter: 131, RMSE E = 5.5440425331680396e-05, RMSE F = 0.007819293254183944, total = 0.007874733679515624
iter: 132, RMSE E = 5.7831033991374916e-05, RMSE F = 0.007815097424272298, total = 0.007872928458263673
iter: 133, RMSE E = 4.992908648808963e-05, RMSE F = 0.007812512047886949, total = 0.007862441134375038
iter: 134, RMSE E = 3.556387437256387e-05, RMSE F = 0.007813354098991995, total = 0.00784891797336456
iter: 135, RMSE E = 2.099284771083209e-05, RMSE F = 0.007808430206856316, total = 0.007829423054567148
iter: 136, RMSE E = 8.740630655502795e-06, RMSE F = 0.007808294252724471, total = 0.007817034883379974
iter: 137, RMSE E = 1.407354511720748e-06, RMSE F = 0.007805760841101452, total = 0.007807168195613172
iter: 138, RMSE E = 3.457274001060864e-07, RMSE F = 0.007803416881898353, total = 0.007803762609298459
iter: 139, RMSE E = 3.7847486401776374e-06, RMSE F = 0.007802888683115753, total = 0.007806673431755931
iter: 140, RMSE E = 9.800314907575982e-06, RMSE F = 0.0077993493600849425, total = 0.007809149674992518
iter: 141, RMSE E = 1.5493852167591848e-05, RMSE F = 0.007798375780336685, total = 0.007813869632504277
iter: 142, RMSE E = 1.828801184527621e-05, RMSE F = 0.007796504245896168, total = 0.007814792257741444
iter: 143, RMSE E = 1.8288913375350998e-05, RMSE F = 0.0077940517313814135, total = 0.0078123406447567646
iter: 144, RMSE E = 1.5548296570727358e-05, RMSE F = 0.0077927527674637904, total = 0.007808301064034517
iter: 145, RMSE E = 1.0568108176933116e-05, RMSE F = 0.007790204355676341, total = 0.0078007724638532745
iter: 146, RMSE E = 5.629024717670506e-06, RMSE F = 0.007788752708658808, total = 0.007794381733376479
iter: 147, RMSE E = 2.0428282860818916e-06, RMSE F = 0.00778681868267126, total = 0.007788861510957342
iter: 148, RMSE E = 2.2363012495977615e-07, RMSE F = 0.00778442867491521, total = 0.00778465230504017
iter: 149, RMSE E = 4.479533965270396e-07, RMSE F = 0.007783093254339663, total = 0.00778354120773619
iter: 150, RMSE E = 1.987510752217124e-06, RMSE F = 0.007780892708970088, total = 0.007782880219722304
iter: 151, RMSE E = 4.051707659145361e-06, RMSE F = 0.007778968462926128, total = 0.007783020170585273
iter: 152, RMSE E = 5.829519603390933e-06, RMSE F = 0.007777303220050637, total = 0.007783132739654028
iter: 153, RMSE E = 6.408588565228855e-06, RMSE F = 0.007775126442136206, total = 0.007781535030701435
iter: 154, RMSE E = 5.9118936394081526e-06, RMSE F = 0.007773514576332356, total = 0.007779426469971764
iter: 155, RMSE E = 4.6797806162544526e-06, RMSE F = 0.007771588575623818, total = 0.007776268356240072
iter: 156, RMSE E = 2.9098091214619714e-06, RMSE F = 0.007769535447960749, total = 0.007772445257082212
iter: 157, RMSE E = 1.3256292047414447e-06, RMSE F = 0.007767966749694069, total = 0.0077692923788988105
iter: 158, RMSE E = 3.733774112237038e-07, RMSE F = 0.007765972233948892, total = 0.007766345611360115
iter: 159, RMSE E = 9.084086744770539e-08, RMSE F = 0.0077640481111190705, total = 0.0077641389519865186
iter: 160, RMSE E = 4.4095957092563054e-07, RMSE F = 0.007762372150296033, total = 0.007762813109866958
iter: 161, RMSE E = 1.0827851100412723e-06, RMSE F = 0.0077604002156294516, total = 0.007761483000739493
iter: 162, RMSE E = 1.7402029399449437e-06, RMSE F = 0.007758567169020191, total = 0.0077603073719601364
iter: 163, RMSE E = 2.1729032894200567e-06, RMSE F = 0.007756778884738954, total = 0.0077589517880283735
iter: 164, RMSE E = 2.136361172327676e-06, RMSE F = 0.0077548330658679275, total = 0.007756969427040255
iter: 165, RMSE E = 1.7710338212143477e-06, RMSE F = 0.007753039077745604, total = 0.007754810111566818
iter: 166, RMSE E = 1.2416197612411053e-06, RMSE F = 0.007751198579606781, total = 0.007752440199368022
iter: 167, RMSE E = 6.549585697318583e-07, RMSE F = 0.0077492678446058035, total = 0.007749922803175535
iter: 168, RMSE E = 2.45545920672339e-07, RMSE F = 0.007747476108068127, total = 0.0077477216539888
iter: 169, RMSE E = 9.069354102374278e-08, RMSE F = 0.007745634010183826, total = 0.00774572470372485
iter: 170, RMSE E = 1.651875013876466e-07, RMSE F = 0.0077437195359838715, total = 0.007743884723485259
iter: 171, RMSE E = 3.9348606373054503e-07, RMSE F = 0.007741919142837203, total = 0.007742312628900933
iter: 172, RMSE E = 6.296421705976811e-07, RMSE F = 0.0077400914821476735, total = 0.007740721124318271
iter: 173, RMSE E = 8.083169324655861e-07, RMSE F = 0.007738198720110623, total = 0.007739007037043088
iter: 174, RMSE E = 8.492044458531663e-07, RMSE F = 0.00773639481772423, total = 0.007737244022170083
iter: 175, RMSE E = 7.28688738790761e-07, RMSE F = 0.007734575618750378, total = 0.007735304307489169
iter: 176, RMSE E = 5.421960633030112e-07, RMSE F = 0.007732705982664575, total = 0.007733248178727878
iter: 177, RMSE E = 3.3549367904959764e-07, RMSE F = 0.0077309046017602105, total = 0.00773124009543926
iter: 178, RMSE E = 1.668638413975997e-07, RMSE F = 0.007729085406042929, total = 0.0077292522698843265
iter: 179, RMSE E = 9.283481454818368e-08, RMSE F = 0.007727235374685994, total = 0.007727328209500542
iter: 180, RMSE E = 1.0331061742992465e-07, RMSE F = 0.007725435555573472, total = 0.007725538866190902
iter: 181, RMSE E = 1.7672340222243452e-07, RMSE F = 0.007723614600146412, total = 0.007723791323548635
iter: 182, RMSE E = 2.606020029352169e-07, RMSE F = 0.007721778084373343, total = 0.007722038686376278
iter: 183, RMSE E = 3.204747699297015e-07, RMSE F = 0.007719974846313625, total = 0.007720295321083555
iter: 184, RMSE E = 3.409254766053171e-07, RMSE F = 0.007718156490890925, total = 0.00771849741636753
iter: 185, RMSE E = 3.0269033292755323e-07, RMSE F = 0.007716328280865013, total = 0.007716630971197941
iter: 186, RMSE E = 2.3567702906577163e-07, RMSE F = 0.0077145198670424695, total = 0.0077147555440715354
iter: 187, RMSE E = 1.667301660831244e-07, RMSE F = 0.0077127096207420835, total = 0.007712876350908167
iter: 188, RMSE E = 1.1063901335402366e-07, RMSE F = 0.007710887956784155, total = 0.007710998595797509
iter: 189, RMSE E = 8.82808183563111e-08, RMSE F = 0.007709078141153836, total = 0.007709166421972192
iter: 190, RMSE E = 9.67272836606874e-08, RMSE F = 0.0077072779282746804, total = 0.0077073746555583415
iter: 191, RMSE E = 1.2701449514787337e-07, RMSE F = 0.007705464546017887, total = 0.007705591560513035
iter: 192, RMSE E = 1.6002453967827042e-07, RMSE F = 0.00770365882513802, total = 0.007703818849677698
iter: 193, RMSE E = 1.8095359436964518e-07, RMSE F = 0.0077018663755487335, total = 0.0077020473291431035
iter: 194, RMSE E = 1.8692427123445201e-07, RMSE F = 0.007700064221029272, total = 0.007700251145300506
iter: 195, RMSE E = 1.710035069749893e-07, RMSE F = 0.007698265698607741, total = 0.0076984367021147165
iter: 196, RMSE E = 1.439690267360586e-07, RMSE F = 0.007696477790622362, total = 0.007696621759649098
iter: 197, RMSE E = 1.1747454522906699e-07, RMSE F = 0.007694687842348758, total = 0.0076948053168939875
iter: 198, RMSE E = 9.639239188715695e-08, RMSE F = 0.007692896878284492, total = 0.007692993270676379
iter: 199, RMSE E = 8.80499256912536e-08, RMSE F = 0.00769111226472212, total = 0.007691200314647811
iter: 200, RMSE E = 9.089180399525324e-08, RMSE F = 0.007689332022490825, total = 0.007689422914294821
iter: 201, RMSE E = 1.0115478651862877e-07, RMSE F = 0.0076875484364738065, total = 0.007687649591260325
iter: 202, RMSE E = 1.1163861591440975e-07, RMSE F = 0.007685768010762823, total = 0.007685879649378737
iter: 203, RMSE E = 1.1752521341325396e-07, RMSE F = 0.007683993552574683, total = 0.007684111077788097
iter: 204, RMSE E = 1.1798509790099729e-07, RMSE F = 0.007682217869975364, total = 0.007682335855073265
iter: 205, RMSE E = 1.1119539732154057e-07, RMSE F = 0.007680443387225144, total = 0.007680554582622465
iter: 206, RMSE E = 1.0194552158025964e-07, RMSE F = 0.007678673027254598, total = 0.007678774972776178
iter: 207, RMSE E = 9.376134620192132e-08, RMSE F = 0.007676905538404284, total = 0.007676999299750486
iter: 208, RMSE E = 8.861623861512136e-08, RMSE F = 0.007675138691155398, total = 0.007675227307394014
iter: 209, RMSE E = 8.828393473573837e-08, RMSE F = 0.007673374080206683, total = 0.007673462364141418
iter: 210, RMSE E = 9.150987983076082e-08, RMSE F = 0.007671614060581418, total = 0.007671705570461249
iter: 211, RMSE E = 9.664215288913502e-08, RMSE F = 0.007669855920268508, total = 0.007669952562421397
iter: 212, RMSE E = 1.0048276470690846e-07, RMSE F = 0.007668099667353825, total = 0.007668200150118532
iter: 213, RMSE E = 1.0220440578128066e-07, RMSE F = 0.007666346583934711, total = 0.007666448788340492
iter: 214, RMSE E = 1.01219879055417e-07, RMSE F = 0.007664597076825757, total = 0.007664698296704813
iter: 215, RMSE E = 9.757114039702652e-08, RMSE F = 0.007662850097339178, total = 0.007662947668479575
iter: 216, RMSE E = 9.36205087245597e-08, RMSE F = 0.007661104751775195, total = 0.00766119837228392
iter: 217, RMSE E = 9.014849652331691e-08, RMSE F = 0.007659362995008661, total = 0.007659453143505184
iter: 218, RMSE E = 8.821306238869328e-08, RMSE F = 0.007657624377050545, total = 0.007657712590112934
iter: 219, RMSE E = 8.805613052142137e-08, RMSE F = 0.007655887730611672, total = 0.007655975786742194
iter: 220, RMSE E = 8.911637391456027e-08, RMSE F = 0.0076541533829833875, total = 0.007654242499357302
iter: 221, RMSE E = 9.052053280473492e-08, RMSE F = 0.00765242214525871, total = 0.007652512665791515
iter: 222, RMSE E = 9.138241208136408e-08, RMSE F = 0.007650693823760546, total = 0.007650785206172627
iter: 223, RMSE E = 9.157786230306658e-08, RMSE F = 0.007648967502155619, total = 0.007649059080017922
iter: 224, RMSE E = 9.077524141730971e-08, RMSE F = 0.007647243819945515, total = 0.007647334595186932
iter: 225, RMSE E = 8.961104610474306e-08, RMSE F = 0.007645523081990232, total = 0.007645612693036336
iter: 226, RMSE E = 8.858910128151191e-08, RMSE F = 0.0076438051815454966, total = 0.007643893770646778
iter: 227, RMSE E = 8.801875345051874e-08, RMSE F = 0.007642089858356924, total = 0.007642177877110375
iter: 228, RMSE E = 8.812938677009929e-08, RMSE F = 0.007640377178829212, total = 0.007640465308215982
iter: 229, RMSE E = 8.874760514317335e-08, RMSE F = 0.007638667549627685, total = 0.007638756297232829
iter: 230, RMSE E = 8.958502683464217e-08, RMSE F = 0.007636960918995561, total = 0.007637050504022395
iter: 231, RMSE E = 9.016261318077869e-08, RMSE F = 0.007635257163561706, total = 0.007635347326174887
iter: 232, RMSE E = 9.043202386239196e-08, RMSE F = 0.0076335561011140335, total = 0.007633646533137896
iter: 233, RMSE E = 9.018273331399198e-08, RMSE F = 0.007631858115235615, total = 0.007631948297968929
iter: 234, RMSE E = 8.959730781891744e-08, RMSE F = 0.007630163204051011, total = 0.00763025280135883
iter: 235, RMSE E = 8.896572301112324e-08, RMSE F = 0.007628471141655813, total = 0.007628560107378824
iter: 236, RMSE E = 8.839129538874416e-08, RMSE F = 0.007626781954854622, total = 0.007626870346150011
iter: 237, RMSE E = 8.809535451006822e-08, RMSE F = 0.007625095644385509, total = 0.007625183739740019
iter: 238, RMSE E = 8.804382873408158e-08, RMSE F = 0.00762341233841693, total = 0.007623500382245664
iter: 239, RMSE E = 8.816534198907848e-08, RMSE F = 0.007621731965612205, total = 0.007621820130954194
iter: 240, RMSE E = 8.830903600121128e-08, RMSE F = 0.007620054459843729, total = 0.007620142768879731
iter: 241, RMSE E = 8.840926702110065e-08, RMSE F = 0.0076183797937074615, total = 0.0076184682029744825
iter: 242, RMSE E = 8.838378353401863e-08, RMSE F = 0.00761670809024391, total = 0.007616796474027444
iter: 243, RMSE E = 8.827268362117797e-08, RMSE F = 0.007615039372742108, total = 0.007615127645425729
iter: 244, RMSE E = 8.815341310816572e-08, RMSE F = 0.0076133736018017305, total = 0.007613461755214839
iter: 245, RMSE E = 8.807561188065037e-08, RMSE F = 0.007611710778574269, total = 0.00761179885418615
iter: 246, RMSE E = 8.809576283954173e-08, RMSE F = 0.007610050925382475, total = 0.007610139021145314
iter: 247, RMSE E = 8.820616475760324e-08, RMSE F = 0.007608394105428268, total = 0.007608482311593025
iter: 248, RMSE E = 8.83667996346211e-08, RMSE F = 0.00760674033984364, total = 0.007606828706643275
iter: 249, RMSE E = 8.850205837718179e-08, RMSE F = 0.007605089630552277, total = 0.007605178132610654
iter: 250, RMSE E = 8.859487720172793e-08, RMSE F = 0.007603441933098116, total = 0.007603530527975318
iter: 251, RMSE E = 8.858249734298729e-08, RMSE F = 0.00760179730298097, total = 0.007601885885478313
iter: 252, RMSE E = 8.850790180394086e-08, RMSE F = 0.007600155732981076, total = 0.0076002442408828795
iter: 253, RMSE E = 8.839131354017134e-08, RMSE F = 0.00759851724467634, total = 0.00759860563598988
iter: 254, RMSE E = 8.826744289720679e-08, RMSE F = 0.007596881830632725, total = 0.007596970098075622
iter: 255, RMSE E = 8.818308448742072e-08, RMSE F = 0.007595249459434516, total = 0.007595337642519003
iter: 256, RMSE E = 8.81348062490785e-08, RMSE F = 0.007593620144648446, total = 0.007593708279454695
iter: 257, RMSE E = 8.812603688209017e-08, RMSE F = 0.007591993886768691, total = 0.007592082012805573
iter: 258, RMSE E = 8.813629896704793e-08, RMSE F = 0.007590370698492434, total = 0.007590458834791401
iter: 259, RMSE E = 8.814957461281268e-08, RMSE F = 0.007588750579482217, total = 0.00758883872905683
iter: 260, RMSE E = 8.815349532520719e-08, RMSE F = 0.007587133528983411, total = 0.007587221682478737
iter: 261, RMSE E = 8.815218306334815e-08, RMSE F = 0.0075855195438526745, total = 0.007585607696035738
iter: 262, RMSE E = 8.814959488006588e-08, RMSE F = 0.0075839086366335335, total = 0.007583996786228414
iter: 263, RMSE E = 8.815730338986755e-08, RMSE F = 0.00758230081805078, total = 0.00758238897535417
iter: 264, RMSE E = 8.818012653532306e-08, RMSE F = 0.0075806961000929205, total = 0.007580784280219456
iter: 265, RMSE E = 8.82172693744743e-08, RMSE F = 0.007579094488548099, total = 0.007579182705817474
iter: 266, RMSE E = 8.82573003349927e-08, RMSE F = 0.007577495989917106, total = 0.007577584247217441
iter: 267, RMSE E = 8.829635119212523e-08, RMSE F = 0.00757590059993096, total = 0.007575988896282152
iter: 268, RMSE E = 8.831574941294799e-08, RMSE F = 0.0075743083317935675, total = 0.007574396647542981
iter: 269, RMSE E = 8.832132702427338e-08, RMSE F = 0.007572719180027572, total = 0.007572807501354597
iter: 270, RMSE E = 8.830740510705025e-08, RMSE F = 0.007571133155319012, total = 0.007571221462724119
iter: 271, RMSE E = 8.828413912575992e-08, RMSE F = 0.007569550254730725, total = 0.007569638538869851
iter: 272, RMSE E = 8.825956149718434e-08, RMSE F = 0.007567970476756086, total = 0.007568058736317583
iter: 273, RMSE E = 8.823729042284314e-08, RMSE F = 0.007566393821847272, total = 0.007566482059137695
iter: 274, RMSE E = 8.822463656080864e-08, RMSE F = 0.007564820284051469, total = 0.00756490850868803
iter: 275, RMSE E = 8.821800263770519e-08, RMSE F = 0.007563249865986412, total = 0.007563338083989049
iter: 276, RMSE E = 8.821805700418423e-08, RMSE F = 0.007561682565217782, total = 0.007561770783274787
iter: 277, RMSE E = 8.82208102943585e-08, RMSE F = 0.007560118384157984, total = 0.0075602066049682785
iter: 278, RMSE E = 8.82255411190302e-08, RMSE F = 0.007558557323268371, total = 0.00755864554880949
iter: 279, RMSE E = 8.823180032259453e-08, RMSE F = 0.007556999384045076, total = 0.007557087615845399
iter: 280, RMSE E = 8.824013128155312e-08, RMSE F = 0.007555444567863841, total = 0.007555532807995122
iter: 281, RMSE E = 8.82518864827947e-08, RMSE F = 0.007553892875300149, total = 0.007553981127186631
iter: 282, RMSE E = 8.826550296194257e-08, RMSE F = 0.007552344308909693, total = 0.007552432574412655
iter: 283, RMSE E = 8.828183511468544e-08, RMSE F = 0.007550798867682639, total = 0.007550887149517754
iter: 284, RMSE E = 8.82958932584422e-08, RMSE F = 0.007549256555222137, total = 0.0075493448511153955
iter: 285, RMSE E = 8.830867815696983e-08, RMSE F = 0.007547717368723265, total = 0.007547805677401423
iter: 286, RMSE E = 8.831546542599604e-08, RMSE F = 0.007546181311090549, total = 0.007546269626555975
iter: 287, RMSE E = 8.831869767101873e-08, RMSE F = 0.007544648378704351, total = 0.007544736697402022
iter: 288, RMSE E = 8.831712230040802e-08, RMSE F = 0.007543118572141932, total = 0.007543206889264232
iter: 289, RMSE E = 8.83136521224119e-08, RMSE F = 0.0075415918881566795, total = 0.007541680201808802
iter: 290, RMSE E = 8.830956984940181e-08, RMSE F = 0.007540068324932487, total = 0.007540156634502336
iter: 291, RMSE E = 8.830621550419555e-08, RMSE F = 0.007538547880057047, total = 0.007538636186272551
iter: 292, RMSE E = 8.830496782509572e-08, RMSE F = 0.007537030550422556, total = 0.007537118855390381
iter: 293, RMSE E = 8.830521789720051e-08, RMSE F = 0.007535516334318975, total = 0.007535604639536873
iter: 294, RMSE E = 8.83077730743806e-08, RMSE F = 0.007534005228422854, total = 0.007534093536195928
iter: 295, RMSE E = 8.831128574105036e-08, RMSE F = 0.0075324972315250005, total = 0.007532585542810741
iter: 296, RMSE E = 8.831668013188265e-08, RMSE F = 0.007530992340435346, total = 0.007531080657115478
iter: 297, RMSE E = 8.832253377412104e-08, RMSE F = 0.007529490554391176, total = 0.0075295788769249505
iter: 298, RMSE E = 8.833020278790379e-08, RMSE F = 0.007527991869997316, total = 0.007528080200200103
iter: 299, RMSE E = 8.833762552762847e-08, RMSE F = 0.007526496286983747, total = 0.007526584624609275
iter: 300, RMSE E = 8.834657392225939e-08, RMSE F = 0.007525003801094003, total = 0.007525092147667925
iter: 301, RMSE E = 8.835373752336908e-08, RMSE F = 0.007523514412684614, total = 0.0075236027664221375
iter: 302, RMSE E = 8.836189185718904e-08, RMSE F = 0.007522028116002483, total = 0.00752211647789434
iter: 303, RMSE E = 8.836649536917823e-08, RMSE F = 0.007520544912370873, total = 0.007520633278866242
iter: 304, RMSE E = 8.837236038681257e-08, RMSE F = 0.00751906479416115, total = 0.007519153166521537
iter: 305, RMSE E = 8.837365383884087e-08, RMSE F = 0.0075175877644399125, total = 0.007517676138093751
iter: 306, RMSE E = 8.837786054838207e-08, RMSE F = 0.007516113813873212, total = 0.00751620219173376
iter: 307, RMSE E = 8.837705183297854e-08, RMSE F = 0.007514642949063308, total = 0.007514731326115141
iter: 308, RMSE E = 8.838164243976193e-08, RMSE F = 0.0075131751605829605, total = 0.0075132635422254
iter: 309, RMSE E = 8.838022027644181e-08, RMSE F = 0.00751171046357903, total = 0.0075117988437993066
iter: 310, RMSE E = 8.838709261646055e-08, RMSE F = 0.007510248855175585, total = 0.007510337242268201
iter: 311, RMSE E = 8.838520677851197e-08, RMSE F = 0.007508790376209121, total = 0.007508878761415899
iter: 312, RMSE E = 8.839604810163437e-08, RMSE F = 0.0075073350575821, total = 0.007507423453630202
iter: 313, RMSE E = 8.83918633476756e-08, RMSE F = 0.007505883032113077, total = 0.0075059714239764245
iter: 314, RMSE E = 8.840995231609232e-08, RMSE F = 0.007504434482754185, total = 0.0075045228927065
iter: 315, RMSE E = 8.839872274978505e-08, RMSE F = 0.007502989911718514, total = 0.007503078310441264
iter: 316, RMSE E = 8.843248506898991e-08, RMSE F = 0.00750155019653936, total = 0.0075016386290244295
iter: 317, RMSE E = 8.840462195787096e-08, RMSE F = 0.007500117454348659, total = 0.007500205858970617
iter: 318, RMSE E = 8.847593398770303e-08, RMSE F = 0.0074986958729487034, total = 0.0074987843488826915
iter: 319, RMSE E = 8.841759358082153e-08, RMSE F = 0.007497295172471688, total = 0.007497383590065269
iter: 320, RMSE E = 8.85878335132016e-08, RMSE F = 0.007495936109354221, total = 0.007496024697187734
